Γû▓ Next.js 16.2.2 (Turbopack)

  Creating an optimized production build ...
Γ£ô Compiled successfully in 3.0s
  Running TypeScript ...
  Finished TypeScript in 70ms ...
  Collecting page data using 9 workers ...
  Generating static pages using 9 workers (0/8) ...
Error occurred prerendering page "/_not-found". Read more: https://nextjs.org/docs/messages/prerender-error
Error: useTheme must be used within a ThemeProvider
    at <unknown> (C:\my work\Managment system\ManagmentApp\.next\server\chunks\ssr\[root-of-the-server]__0oby2ym._.js:1:2507)
    at <unknown> (C:\my work\Managment system\ManagmentApp\.next\server\chunks\ssr\[root-of-the-server]__0oby2ym._.js:1:2817) {
  digest: '1802056819'
}
Export encountered an error on /_not-found/page: /_not-found, exiting the build.
Γ¿» Next.js build worker exited with code: 1 and signal: null
